// Jest Snapshot v1, https://goo.gl/fbAQLP

exports[`Input It renders Input 1`] = `
<DocumentFragment>
  <input
    class="input-style"
    data-testid="input-element"
    placeholder="23.351723"
  />
</DocumentFragment>
`;
